// Jest Snapshot v1, https://goo.gl/fbAQLP

exports[`ArticlePage test after load 1`] = `
"<div className=\\"articleCard\\" style={{...}}>
  <div className=\\"card-body\\">
    <Row>
      <Column width={8}>
        <img src={[undefined]} alt={[undefined]} title={[undefined]} width=\\"100%\\" />
      </Column>
    </Row>
    <Column width={6}>
      <h1 />
      <h6>
        Published: 
        , Author: 
        , Category: 
         
      </h6>
      <br />
      <p style={{...}} />
    </Column>
    <Column>
      <ButtonDanger style={{...}} type=\\"submit\\" onClick={[Function: bound like]}>
        Like
      </ButtonDanger>
      <p>
        Rating: 
      </p>
      <form style={{...}} title=\\"Comments\\">
        <div className=\\"form-group\\">
          <label htmlFor=\\"nick\\">
            Nickname:
          </label>
          <input type=\\"nick\\" className=\\"form-control\\" id=\\"nick\\" value=\\"\\" onChange={[Function: onChange]} />
        </div>
        <div className=\\"form-group\\">
          <label htmlFor=\\"comment\\">
            Comment:
          </label>
          <input type=\\"comment\\" className=\\"form-control\\" id=\\"comment\\" value=\\"\\" onChange={[Function: onChange]} />
        </div>
        <button onClick={[Function: bound comment]} type=\\"submit\\" className=\\"btn btn-outline-dark\\">
          Publish
        </button>
      </form>
    </Column>
  </div>
</div>"
`;

exports[`ArticlePage test initially 1`] = `
"<div className=\\"articleCard\\" style={{...}}>
  <div className=\\"card-body\\">
    <Row>
      <Column width={8}>
        <img src={[undefined]} alt={[undefined]} title={[undefined]} width=\\"100%\\" />
      </Column>
    </Row>
    <Column width={6}>
      <h1 />
      <h6>
        Published: 
        , Author: 
        , Category: 
         
      </h6>
      <br />
      <p style={{...}} />
    </Column>
    <Column>
      <ButtonDanger style={{...}} type=\\"submit\\" onClick={[Function: bound like]}>
        Like
      </ButtonDanger>
      <p>
        Rating: 
      </p>
      <form style={{...}} title=\\"Comments\\">
        <div className=\\"form-group\\">
          <label htmlFor=\\"nick\\">
            Nickname:
          </label>
          <input type=\\"nick\\" className=\\"form-control\\" id=\\"nick\\" value=\\"\\" onChange={[Function: onChange]} />
        </div>
        <div className=\\"form-group\\">
          <label htmlFor=\\"comment\\">
            Comment:
          </label>
          <input type=\\"comment\\" className=\\"form-control\\" id=\\"comment\\" value=\\"\\" onChange={[Function: onChange]} />
        </div>
        <button onClick={[Function: bound comment]} type=\\"submit\\" className=\\"btn btn-outline-dark\\">
          Publish
        </button>
      </form>
    </Column>
  </div>
</div>"
`;
